2026-05-14T16:40:05.183Z INFO [qdhhj] begin event:0f32cf24-97fa-4039-8c53-3fe2f2c5c273 [MuleRuntime].uber.03: [study-mule-tls-param].mainFlow.CPU_LITE @5d196acf - {
  "msg": "flow begin",
  "attr": {
    "headers": {
      "user-agent": "curl/8.18.0",
      "accept": "*/*",
      "via": "EDGE/1.1 MuleSoft",
      "x-forwarded-for": "***.***.***.***",
      "x-correlation-id": "0f32cf24-97fa-4039-8c53-3fe2f2c5c273",
      "x-forwarded-host": "study-mule-tls-param-4nfndu.5sc6y6-3.usa-e2.cloudhub.io",
      "x-forwarded-proto": "https",
      "host": "study-mule-tls-param.8e0caa2a-0a29-423e-a4d1-f7435e6f799f.svc.cluster.local"
    },
    "clientCertificate": null,
    "method": "GET",
    "scheme": "http",
    "queryParams": {
      "q": "https://study-mule-tls-param-4nfndu.5sc6y6-3.usa-e2.cloudhub.io/"
    },
    "requestUri": "/?q=https://study-mule-tls-param-4nfndu.5sc6y6-3.usa-e2.cloudhub.io/",
    "queryString": "q=https://study-mule-tls-param-4nfndu.5sc6y6-3.usa-e2.cloudhub.io/",
    "version": "HTTP/1.1",
    "maskedRequestPath": "/",
    "listenerPath": "/*",
    "localAddress": "/100.64.140.23:8081",
    "relativePath": "/",
    "uriParams": {
      
    },
    "rawRequestUri": "/?q=https://study-mule-tls-param-4nfndu.5sc6y6-3.usa-e2.cloudhub.io/",
    "rawRequestPath": "/",
    "remoteAddress": "/100.64.159.29:54968",
    "requestPath": "/"
  }
}
2026-05-14T16:40:05.213Z WARN [qdhhj] event:0f32cf24-97fa-4039-8c53-3fe2f2c5c273 [study-mule-tls-param].http.requester.HTTP_Request_config.02 SelectorRunner - javax.net.ssl|INFO|B3|[study-mule-tls-param].http.requester.HTTP_Request_config.02 SelectorRunner|2026-05-14 16:40:05.213 GMT|AlpnExtension.java:182|No available application protocols
2026-05-14T16:40:05.213Z WARN [qdhhj] event:0f32cf24-97fa-4039-8c53-3fe2f2c5c273 [study-mule-tls-param].http.requester.HTTP_Request_config.02 SelectorRunner - javax.net.ssl|DEBUG|B3|[study-mule-tls-param].http.requester.HTTP_Request_config.02 SelectorRunner|2026-05-14 16:40:05.213 GMT|SSLExtensions.java:272|Ignore, context unavailable extension: application_layer_protocol_negotiation
2026-05-14T16:40:05.214Z WARN [qdhhj] event:0f32cf24-97fa-4039-8c53-3fe2f2c5c273 [study-mule-tls-param].http.requester.HTTP_Request_config.02 SelectorRunner - javax.net.ssl|DEBUG|B3|[study-mule-tls-param].http.requester.HTTP_Request_config.02 SelectorRunner|2026-05-14 16:40:05.214 GMT|SessionTicketExtension.java:353|Stateless resumption supported
2026-05-14T16:40:05.214Z WARN [qdhhj] event:0f32cf24-97fa-4039-8c53-3fe2f2c5c273 [study-mule-tls-param].http.requester.HTTP_Request_config.02 SelectorRunner - javax.net.ssl|DEBUG|B3|[study-mule-tls-param].http.requester.HTTP_Request_config.02 SelectorRunner|2026-05-14 16:40:05.214 GMT|SSLExtensions.java:272|Ignore, context unavailable extension: cookie
2026-05-14T16:40:05.216Z WARN [qdhhj] event:0f32cf24-97fa-4039-8c53-3fe2f2c5c273 [study-mule-tls-param].http.requester.HTTP_Request_config.02 SelectorRunner - javax.net.ssl|DEBUG|B3|[study-mule-tls-param].http.requester.HTTP_Request_config.02 SelectorRunner|2026-05-14 16:40:05.216 GMT|SSLExtensions.java:272|Ignore, context unavailable extension: renegotiation_info
2026-05-14T16:40:05.216Z WARN [qdhhj] event:0f32cf24-97fa-4039-8c53-3fe2f2c5c273 [study-mule-tls-param].http.requester.HTTP_Request_config.02 SelectorRunner - javax.net.ssl|DEBUG|B3|[study-mule-tls-param].http.requester.HTTP_Request_config.02 SelectorRunner|2026-05-14 16:40:05.216 GMT|PreSharedKeyExtension.java:661|No session to resume.
2026-05-14T16:40:05.216Z WARN [qdhhj] event:0f32cf24-97fa-4039-8c53-3fe2f2c5c273 [study-mule-tls-param].http.requester.HTTP_Request_config.02 SelectorRunner - javax.net.ssl|DEBUG|B3|[study-mule-tls-param].http.requester.HTTP_Request_config.02 SelectorRunner|2026-05-14 16:40:05.216 GMT|SSLExtensions.java:272|Ignore, context unavailable extension: pre_shared_key
2026-05-14T16:40:05.217Z WARN [qdhhj] event:0f32cf24-97fa-4039-8c53-3fe2f2c5c273 [study-mule-tls-param].http.requester.HTTP_Request_config.02 SelectorRunner - javax.net.ssl|DEBUG|B3|[study-mule-tls-param].http.requester.HTTP_Request_config.02 SelectorRunner|2026-05-14 16:40:05.217 GMT|ClientHello.java:639|Produced ClientHello handshake message (
"ClientHello": {
  "client version"      : "TLSv1.2",
  "random"              : "38B1D1FF7C1073BE095619162BE26DB05AF3337236A5510DF42E3CCFF27AE306",
  "session id"          : "0DE4AD6D6412DB246FFF9B3A3F05EEA9DADD8A8233C43D7722F4DBC063FE954E",
  "cipher suites"       : "[TLS_AES_256_GCM_SHA384(0x1302), TLS_AES_128_GCM_SHA256(0x1301), TLS_CHACHA20_POLY1305_SHA256(0x1303), TLS_ECDHE_ECDSA_WITH_AES_256_GCM_SHA384(0xC02C), TLS_ECDHE_ECDSA_WITH_AES_128_GCM_SHA256(0xC02B), TLS_ECDHE_ECDSA_WITH_CHACHA20_POLY1305_SHA256(0xCCA9), TLS_ECDHE_RSA_WITH_AES_256_GCM_SHA384(0xC030), TLS_ECDHE_RSA_WITH_CHACHA20_POLY1305_SHA256(0xCCA8), TLS_ECDHE_RSA_WITH_AES_128_GCM_SHA256(0xC02F), TLS_DHE_RSA_WITH_AES_256_GCM_SHA384(0x009F), TLS_DHE_RSA_WITH_CHACHA20_POLY1305_SHA256(0xCCAA), TLS_DHE_DSS_WITH_AES_256_GCM_SHA384(0x00A3), TLS_DHE_RSA_WITH_AES_128_GCM_SHA256(0x009E), TLS_DHE_DSS_WITH_AES_128_GCM_SHA256(0x00A2), TLS_ECDHE_ECDSA_WITH_AES_256_CBC_SHA384(0xC024), TLS_ECDHE_RSA_WITH_AES_256_CBC_SHA384(0xC028), TLS_ECDHE_ECDSA_WITH_AES_128_CBC_SHA256(0xC023), TLS_ECDHE_RSA_WITH_AES_128_CBC_SHA256(0xC027), TLS_DHE_RSA_WITH_AES_256_CBC_SHA256(0x006B), TLS_DHE_DSS_WITH_AES_256_CBC_SHA256(0x006A), TLS_DHE_RSA_WITH_AES_128_CBC_SHA256(0x0067), TLS_DHE_DSS_WITH_AES_128_CBC_SHA256(0x0040), TLS_ECDHE_ECDSA_WITH_AES_256_CBC_SHA(0xC00A), TLS_ECDHE_RSA_WITH_AES_256_CBC_SHA(0xC014), TLS_ECDHE_ECDSA_WITH_AES_128_CBC_SHA(0xC009), TLS_ECDHE_RSA_WITH_AES_128_CBC_SHA(0xC013), TLS_DHE_RSA_WITH_AES_256_CBC_SHA(0x0039), TLS_DHE_DSS_WITH_AES_256_CBC_SHA(0x0038), TLS_DHE_RSA_WITH_AES_128_CBC_SHA(0x0033), TLS_DHE_DSS_WITH_AES_128_CBC_SHA(0x0032), TLS_RSA_WITH_AES_256_GCM_SHA384(0x009D), TLS_RSA_WITH_AES_128_GCM_SHA256(0x009C), TLS_RSA_WITH_AES_256_CBC_SHA256(0x003D), TLS_RSA_WITH_AES_128_CBC_SHA256(0x003C), TLS_RSA_WITH_AES_256_CBC_SHA(0x0035), TLS_RSA_WITH_AES_128_CBC_SHA(0x002F), TLS_EMPTY_RENEGOTIATION_INFO_SCSV(0x00FF)]",
  "compression methods" : "00",
  "extensions"          : [
    "server_name (0)": {
      type=host_name (0), value=study-mule-tls-param-4nfndu.5sc6y6-3.usa-e2.cloudhub.io
    },
    "status_request (5)": {
      "certificate status type": ocsp
      "OCSP status request": {
        "responder_id": <empty>
        "request extensions": {
          <empty>
        }
      }
    },
    "supported_groups (10)": {
      "versions": [x25519, secp256r1, secp384r1, secp521r1, x448, ffdhe2048, ffdhe3072, ffdhe4096, ffdhe6144, ffdhe8192]
    },
    "ec_point_formats (11)": {
      "formats": [uncompressed]
    },
    "status_request_v2 (17)": {
      "cert status request": {
        "certificate status type": ocsp_multi
        "OCSP status request": {
          "responder_id": <empty>
          "request extensions": {
            <empty>
          }
        }
      }
    },
    "extended_master_secret (23)": {
      <empty>
    },
    "session_ticket (35)": {
      <empty>
    },
    "signature_algorithms (13)": {
      "signature schemes": [ecdsa_secp256r1_sha256, ecdsa_secp384r1_sha384, ecdsa_secp521r1_sha512, ed25519, ed448, rsa_pss_rsae_sha256, rsa_pss_rsae_sha384, rsa_pss_rsae_sha512, rsa_pss_pss_sha256, rsa_pss_pss_sha384, rsa_pss_pss_sha512, rsa_pkcs1_sha256, rsa_pkcs1_sha384, rsa_pkcs1_sha512, dsa_sha256, ecdsa_sha224, rsa_sha224, dsa_sha224, ecdsa_sha1, rsa_pkcs1_sha1, dsa_sha1]
    },
    "supported_versions (43)": {
      "versions": [TLSv1.3, TLSv1.2]
    },
    "psk_key_exchange_modes (45)": {
      "ke_modes": [psk_dhe_ke]
    },
    "signature_algorithms_cert (50)": {
      "signature schemes": [ecdsa_secp256r1_sha256, ecdsa_secp384r1_sha384, ecdsa_secp521r1_sha512, ed25519, ed448, rsa_pss_rsae_sha256, rsa_pss_rsae_sha384, rsa_pss_rsae_sha512, rsa_pss_pss_sha256, rsa_pss_pss_sha384, rsa_pss_pss_sha512, rsa_pkcs1_sha256, rsa_pkcs1_sha384, rsa_pkcs1_sha512, dsa_sha256, ecdsa_sha224, rsa_sha224, dsa_sha224, ecdsa_sha1, rsa_pkcs1_sha1, dsa_sha1]
    },
    "key_share (51)": {
      "client_shares": [  
        {
          "named group": x25519
          "key_exchange": {
            0000: 9C 99 BA 7E 99 6C FD B3   14 14 2D 82 91 E0 06 C3  .....l....-.....
            0010: 23 30 72 88 E9 7F 9D 95   5F 2F 75 03 C5 8B AE 38  #0r....._/u....8
          }
        },
        {
          "named group": secp256r1
          "key_exchange": {
            0000: 04 27 E3 27 A9 E2 7B AC   16 BF 45 EC 06 BD A9 F6  .'.'......E.....
            0010: 7F 4F F2 06 31 F6 2D 0D   0A DD 13 7E 13 CF A4 15  .O..1.-.........
            0020: 18 38 CE 25 36 B7 3B 8C   BB AA A1 81 4A FB B0 5C  .8.%6.;.....J..\
            0030: 7A 8D 05 5D EB CB F2 74   36 8A C9 27 D8 94 60 AC  z..]...t6..'..`.
            0040: 5C 
          }
        },
      ]
    }
  ]
}
)
2026-05-14T16:40:05.256Z WARN [qdhhj] [study-mule-tls-param].http.requester.HTTP_Request_config.02 SelectorRunner - javax.net.ssl|DEBUG|B3|[study-mule-tls-param].http.requester.HTTP_Request_config.02 SelectorRunner|2026-05-14 16:40:05.256 GMT|ServerHello.java:897|Consuming ServerHello handshake message (
"ServerHello": {
  "server version"      : "TLSv1.2",
  "random"              : "C3A2FEB2889845BDADBA292E49A75395DD6D4F17CDB4799F3F7AA5C46A1AF766",
  "session id"          : "0DE4AD6D6412DB246FFF9B3A3F05EEA9DADD8A8233C43D7722F4DBC063FE954E",
  "cipher suite"        : "TLS_AES_256_GCM_SHA384(0x1302)",
  "compression methods" : "00",
  "extensions"          : [
    "supported_versions (43)": {
      "selected version": [TLSv1.3]
    },
    "key_share (51)": {
      "server_share": {
        "named group": x25519
        "key_exchange": {
          0000: 4B B6 FB A3 00 57 4A CE   35 93 86 44 05 D9 93 CD  K....WJ.5..D....
          0010: 78 18 76 D5 AB D2 05 60   70 7C 59 71 A4 72 81 7A  x.v....`p.Yq.r.z
        }
      },
    }
  ]
}
)
2026-05-14T16:40:05.256Z WARN [qdhhj] [study-mule-tls-param].http.requester.HTTP_Request_config.02 SelectorRunner - javax.net.ssl|DEBUG|B3|[study-mule-tls-param].http.requester.HTTP_Request_config.02 SelectorRunner|2026-05-14 16:40:05.256 GMT|SSLExtensions.java:204|Consumed extension: supported_versions
2026-05-14T16:40:05.256Z WARN [qdhhj] [study-mule-tls-param].http.requester.HTTP_Request_config.02 SelectorRunner - javax.net.ssl|DEBUG|B3|[study-mule-tls-param].http.requester.HTTP_Request_config.02 SelectorRunner|2026-05-14 16:40:05.256 GMT|ServerHello.java:993|Negotiated protocol version: TLSv1.3
2026-05-14T16:40:05.257Z WARN [qdhhj] [study-mule-tls-param].http.requester.HTTP_Request_config.02 SelectorRunner - javax.net.ssl|DEBUG|B3|[study-mule-tls-param].http.requester.HTTP_Request_config.02 SelectorRunner|2026-05-14 16:40:05.257 GMT|SSLExtensions.java:175|Ignore unsupported extension: server_name
2026-05-14T16:40:05.257Z WARN [qdhhj] [study-mule-tls-param].http.requester.HTTP_Request_config.02 SelectorRunner - javax.net.ssl|DEBUG|B3|[study-mule-tls-param].http.requester.HTTP_Request_config.02 SelectorRunner|2026-05-14 16:40:05.257 GMT|SSLExtensions.java:175|Ignore unsupported extension: max_fragment_length
2026-05-14T16:40:05.257Z WARN [qdhhj] [study-mule-tls-param].http.requester.HTTP_Request_config.02 SelectorRunner - javax.net.ssl|DEBUG|B3|[study-mule-tls-param].http.requester.HTTP_Request_config.02 SelectorRunner|2026-05-14 16:40:05.257 GMT|SSLExtensions.java:175|Ignore unsupported extension: status_request
2026-05-14T16:40:05.257Z WARN [qdhhj] [study-mule-tls-param].http.requester.HTTP_Request_config.02 SelectorRunner - javax.net.ssl|DEBUG|B3|[study-mule-tls-param].http.requester.HTTP_Request_config.02 SelectorRunner|2026-05-14 16:40:05.257 GMT|SSLExtensions.java:175|Ignore unsupported extension: ec_point_formats
2026-05-14T16:40:05.257Z WARN [qdhhj] [study-mule-tls-param].http.requester.HTTP_Request_config.02 SelectorRunner - javax.net.ssl|DEBUG|B3|[study-mule-tls-param].http.requester.HTTP_Request_config.02 SelectorRunner|2026-05-14 16:40:05.257 GMT|SSLExtensions.java:175|Ignore unsupported extension: application_layer_protocol_negotiation
2026-05-14T16:40:05.257Z WARN [qdhhj] [study-mule-tls-param].http.requester.HTTP_Request_config.02 SelectorRunner - javax.net.ssl|DEBUG|B3|[study-mule-tls-param].http.requester.HTTP_Request_config.02 SelectorRunner|2026-05-14 16:40:05.257 GMT|SSLExtensions.java:175|Ignore unsupported extension: status_request_v2
2026-05-14T16:40:05.257Z WARN [qdhhj] [study-mule-tls-param].http.requester.HTTP_Request_config.02 SelectorRunner - javax.net.ssl|DEBUG|B3|[study-mule-tls-param].http.requester.HTTP_Request_config.02 SelectorRunner|2026-05-14 16:40:05.257 GMT|SSLExtensions.java:175|Ignore unsupported extension: extended_master_secret
2026-05-14T16:40:05.257Z WARN [qdhhj] [study-mule-tls-param].http.requester.HTTP_Request_config.02 SelectorRunner - javax.net.ssl|DEBUG|B3|[study-mule-tls-param].http.requester.HTTP_Request_config.02 SelectorRunner|2026-05-14 16:40:05.257 GMT|SSLExtensions.java:175|Ignore unsupported extension: session_ticket
2026-05-14T16:40:05.257Z WARN [qdhhj] [study-mule-tls-param].http.requester.HTTP_Request_config.02 SelectorRunner - javax.net.ssl|DEBUG|B3|[study-mule-tls-param].http.requester.HTTP_Request_config.02 SelectorRunner|2026-05-14 16:40:05.257 GMT|SSLExtensions.java:204|Consumed extension: supported_versions
2026-05-14T16:40:05.258Z WARN [qdhhj] [study-mule-tls-param].http.requester.HTTP_Request_config.02 SelectorRunner - javax.net.ssl|DEBUG|B3|[study-mule-tls-param].http.requester.HTTP_Request_config.02 SelectorRunner|2026-05-14 16:40:05.258 GMT|SSLExtensions.java:204|Consumed extension: key_share
2026-05-14T16:40:05.258Z WARN [qdhhj] [study-mule-tls-param].http.requester.HTTP_Request_config.02 SelectorRunner - javax.net.ssl|DEBUG|B3|[study-mule-tls-param].http.requester.HTTP_Request_config.02 SelectorRunner|2026-05-14 16:40:05.258 GMT|SSLExtensions.java:175|Ignore unsupported extension: renegotiation_info
2026-05-14T16:40:05.258Z WARN [qdhhj] [study-mule-tls-param].http.requester.HTTP_Request_config.02 SelectorRunner - javax.net.ssl|DEBUG|B3|[study-mule-tls-param].http.requester.HTTP_Request_config.02 SelectorRunner|2026-05-14 16:40:05.258 GMT|PreSharedKeyExtension.java:924|Handling pre_shared_key absence.
2026-05-14T16:40:05.258Z WARN [qdhhj] [study-mule-tls-param].http.requester.HTTP_Request_config.02 SelectorRunner - javax.net.ssl|DEBUG|B3|[study-mule-tls-param].http.requester.HTTP_Request_config.02 SelectorRunner|2026-05-14 16:40:05.258 GMT|SSLExtensions.java:219|Ignore unavailable extension: server_name
2026-05-14T16:40:05.258Z WARN [qdhhj] [study-mule-tls-param].http.requester.HTTP_Request_config.02 SelectorRunner - javax.net.ssl|DEBUG|B3|[study-mule-tls-param].http.requester.HTTP_Request_config.02 SelectorRunner|2026-05-14 16:40:05.258 GMT|SSLExtensions.java:219|Ignore unavailable extension: max_fragment_length
2026-05-14T16:40:05.258Z WARN [qdhhj] [study-mule-tls-param].http.requester.HTTP_Request_config.02 SelectorRunner - javax.net.ssl|DEBUG|B3|[study-mule-tls-param].http.requester.HTTP_Request_config.02 SelectorRunner|2026-05-14 16:40:05.258 GMT|SSLExtensions.java:219|Ignore unavailable extension: status_request
2026-05-14T16:40:05.258Z WARN [qdhhj] [study-mule-tls-param].http.requester.HTTP_Request_config.02 SelectorRunner - javax.net.ssl|DEBUG|B3|[study-mule-tls-param].http.requester.HTTP_Request_config.02 SelectorRunner|2026-05-14 16:40:05.258 GMT|SSLExtensions.java:219|Ignore unavailable extension: ec_point_formats
2026-05-14T16:40:05.258Z WARN [qdhhj] [study-mule-tls-param].http.requester.HTTP_Request_config.02 SelectorRunner - javax.net.ssl|DEBUG|B3|[study-mule-tls-param].http.requester.HTTP_Request_config.02 SelectorRunner|2026-05-14 16:40:05.258 GMT|SSLExtensions.java:219|Ignore unavailable extension: application_layer_protocol_negotiation
2026-05-14T16:40:05.258Z WARN [qdhhj] [study-mule-tls-param].http.requester.HTTP_Request_config.02 SelectorRunner - javax.net.ssl|DEBUG|B3|[study-mule-tls-param].http.requester.HTTP_Request_config.02 SelectorRunner|2026-05-14 16:40:05.258 GMT|SSLExtensions.java:219|Ignore unavailable extension: status_request_v2
2026-05-14T16:40:05.259Z WARN [qdhhj] [study-mule-tls-param].http.requester.HTTP_Request_config.02 SelectorRunner - javax.net.ssl|DEBUG|B3|[study-mule-tls-param].http.requester.HTTP_Request_config.02 SelectorRunner|2026-05-14 16:40:05.259 GMT|SSLExtensions.java:219|Ignore unavailable extension: extended_master_secret
2026-05-14T16:40:05.259Z WARN [qdhhj] [study-mule-tls-param].http.requester.HTTP_Request_config.02 SelectorRunner - javax.net.ssl|DEBUG|B3|[study-mule-tls-param].http.requester.HTTP_Request_config.02 SelectorRunner|2026-05-14 16:40:05.259 GMT|SSLExtensions.java:219|Ignore unavailable extension: session_ticket
2026-05-14T16:40:05.259Z WARN [qdhhj] [study-mule-tls-param].http.requester.HTTP_Request_config.02 SelectorRunner - javax.net.ssl|WARNING|B3|[study-mule-tls-param].http.requester.HTTP_Request_config.02 SelectorRunner|2026-05-14 16:40:05.259 GMT|SSLExtensions.java:227|Ignore impact of unsupported extension: supported_versions
2026-05-14T16:40:05.259Z WARN [qdhhj] [study-mule-tls-param].http.requester.HTTP_Request_config.02 SelectorRunner - javax.net.ssl|WARNING|B3|[study-mule-tls-param].http.requester.HTTP_Request_config.02 SelectorRunner|2026-05-14 16:40:05.259 GMT|SSLExtensions.java:227|Ignore impact of unsupported extension: key_share
2026-05-14T16:40:05.259Z WARN [qdhhj] [study-mule-tls-param].http.requester.HTTP_Request_config.02 SelectorRunner - javax.net.ssl|DEBUG|B3|[study-mule-tls-param].http.requester.HTTP_Request_config.02 SelectorRunner|2026-05-14 16:40:05.259 GMT|SSLExtensions.java:219|Ignore unavailable extension: renegotiation_info
2026-05-14T16:40:05.259Z WARN [qdhhj] [study-mule-tls-param].http.requester.HTTP_Request_config.02 SelectorRunner - javax.net.ssl|DEBUG|B3|[study-mule-tls-param].http.requester.HTTP_Request_config.02 SelectorRunner|2026-05-14 16:40:05.259 GMT|SSLExtensions.java:219|Ignore unavailable extension: pre_shared_key
2026-05-14T16:40:05.261Z WARN [qdhhj] [study-mule-tls-param].http.requester.HTTP_Request_config.02 SelectorRunner - javax.net.ssl|DEBUG|B3|[study-mule-tls-param].http.requester.HTTP_Request_config.02 SelectorRunner|2026-05-14 16:40:05.261 GMT|SSLCipher.java:1870|KeyLimit read side: algorithm = AES/GCM/NOPADDING:KEYUPDATE
countdown value = 137438953472
2026-05-14T16:40:05.261Z WARN [qdhhj] [study-mule-tls-param].http.requester.HTTP_Request_config.02 SelectorRunner - javax.net.ssl|DEBUG|B3|[study-mule-tls-param].http.requester.HTTP_Request_config.02 SelectorRunner|2026-05-14 16:40:05.261 GMT|SSLCipher.java:2024|KeyLimit write side: algorithm = AES/GCM/NOPADDING:KEYUPDATE
countdown value = 137438953472
2026-05-14T16:40:05.261Z WARN [qdhhj] [study-mule-tls-param].http.requester.HTTP_Request_config.02 SelectorRunner - javax.net.ssl|DEBUG|B3|[study-mule-tls-param].http.requester.HTTP_Request_config.02 SelectorRunner|2026-05-14 16:40:05.261 GMT|ChangeCipherSpec.java:246|Consuming ChangeCipherSpec message
2026-05-14T16:40:05.262Z WARN [qdhhj] [study-mule-tls-param].http.requester.HTTP_Request_config.02 SelectorRunner - javax.net.ssl|DEBUG|B3|[study-mule-tls-param].http.requester.HTTP_Request_config.02 SelectorRunner|2026-05-14 16:40:05.262 GMT|EncryptedExtensions.java:171|Consuming EncryptedExtensions handshake message (
"EncryptedExtensions": [
  "server_name (0)": {
    <empty extension_data field>
  }
]
)
2026-05-14T16:40:05.262Z WARN [qdhhj] [study-mule-tls-param].http.requester.HTTP_Request_config.02 SelectorRunner - javax.net.ssl|DEBUG|B3|[study-mule-tls-param].http.requester.HTTP_Request_config.02 SelectorRunner|2026-05-14 16:40:05.262 GMT|SSLExtensions.java:204|Consumed extension: server_name
2026-05-14T16:40:05.262Z WARN [qdhhj] [study-mule-tls-param].http.requester.HTTP_Request_config.02 SelectorRunner - javax.net.ssl|DEBUG|B3|[study-mule-tls-param].http.requester.HTTP_Request_config.02 SelectorRunner|2026-05-14 16:40:05.262 GMT|SSLExtensions.java:185|Ignore unavailable extension: max_fragment_length
2026-05-14T16:40:05.262Z WARN [qdhhj] [study-mule-tls-param].http.requester.HTTP_Request_config.02 SelectorRunner - javax.net.ssl|DEBUG|B3|[study-mule-tls-param].http.requester.HTTP_Request_config.02 SelectorRunner|2026-05-14 16:40:05.262 GMT|SSLExtensions.java:185|Ignore unavailable extension: supported_groups
2026-05-14T16:40:05.262Z WARN [qdhhj] [study-mule-tls-param].http.requester.HTTP_Request_config.02 SelectorRunner - javax.net.ssl|WARNING|B3|[study-mule-tls-param].http.requester.HTTP_Request_config.02 SelectorRunner|2026-05-14 16:40:05.262 GMT|SSLExtensions.java:227|Ignore impact of unsupported extension: server_name
2026-05-14T16:40:05.262Z WARN [qdhhj] [study-mule-tls-param].http.requester.HTTP_Request_config.02 SelectorRunner - javax.net.ssl|DEBUG|B3|[study-mule-tls-param].http.requester.HTTP_Request_config.02 SelectorRunner|2026-05-14 16:40:05.262 GMT|SSLExtensions.java:219|Ignore unavailable extension: max_fragment_length
2026-05-14T16:40:05.262Z WARN [qdhhj] [study-mule-tls-param].http.requester.HTTP_Request_config.02 SelectorRunner - javax.net.ssl|DEBUG|B3|[study-mule-tls-param].http.requester.HTTP_Request_config.02 SelectorRunner|2026-05-14 16:40:05.262 GMT|SSLExtensions.java:219|Ignore unavailable extension: supported_groups
2026-05-14T16:40:05.262Z WARN [qdhhj] [study-mule-tls-param].http.requester.HTTP_Request_config.02 SelectorRunner - javax.net.ssl|DEBUG|B3|[study-mule-tls-param].http.requester.HTTP_Request_config.02 SelectorRunner|2026-05-14 16:40:05.262 GMT|SSLExtensions.java:219|Ignore unavailable extension: application_layer_protocol_negotiation
2026-05-14T16:40:05.265Z WARN [qdhhj] [study-mule-tls-param].http.requester.HTTP_Request_config.02 SelectorRunner - javax.net.ssl|DEBUG|B3|[study-mule-tls-param].http.requester.HTTP_Request_config.02 SelectorRunner|2026-05-14 16:40:05.265 GMT|SSLExtensions.java:185|Ignore unavailable extension: status_request
2026-05-14T16:40:05.265Z WARN [qdhhj] [study-mule-tls-param].http.requester.HTTP_Request_config.02 SelectorRunner - javax.net.ssl|DEBUG|B3|[study-mule-tls-param].http.requester.HTTP_Request_config.02 SelectorRunner|2026-05-14 16:40:05.265 GMT|CertificateMessage.java:1166|Consuming server Certificate handshake message (
"Certificate": {
  "certificate_request_context": "",
  "certificate_list": [  
  {
    "certificate" : {
      "version"            : "v3",
      "serial number"      : "06:20:e3:09:80:fe:9b:da:74:c8:3a:f2:34:ab:94:a5:94:c6",
      "signature algorithm": "SHA256withRSA",
      "issuer"             : "CN=R12, O=Let's Encrypt, C=US",
      "not before"         : "2026-05-10 07:19:37.000 GMT",
      "not  after"         : "2026-08-08 07:19:36.000 GMT",
      "subject"            : "CN=*.5sc6y6-3.usa-e2.cloudhub.io",
      "subject public key" : "RSA",
      "extensions"         : [
        {
          ObjectId: 1.3.6.1.4.1.11129.2.4.2 Criticality=false
        },
        {
          ObjectId: 1.3.6.1.5.5.7.1.1 Criticality=false
          AuthorityInfoAccess [
            [
             accessMethod: caIssuers
             accessLocation: URIName: http://r12.i.lencr.org/
          ]
          ]
        },
        {
          ObjectId: 2.5.29.35 Criticality=false
          AuthorityKeyIdentifier [
          KeyIdentifier [
          0000: 00 B5 29 F2 2D 8E 6F 31   E8 9B 4C AD 78 3E FA DC  ..).-.o1..L.x>..
          0010: E9 0C D1 D2                                        ....
          ]
          ]
        },
        {
          ObjectId: 2.5.29.19 Criticality=true
          BasicConstraints:[
            CA:false
            PathLen: undefined
          ]
        },
        {
          ObjectId: 2.5.29.31 Criticality=false
          CRLDistributionPoints [
            [DistributionPoint:
               [URIName: http://r12.c.lencr.org/71.crl]
          ]]
        },
        {
          ObjectId: 2.5.29.32 Criticality=false
          CertificatePolicies [
            [CertificatePolicyId: [2.23.140.1.2.1]
          []  ]
          ]
        },
        {
          ObjectId: 2.5.29.37 Criticality=false
          ExtendedKeyUsages [
            serverAuth
          ]
        },
        {
          ObjectId: 2.5.29.15 Criticality=true
          KeyUsage [
            DigitalSignature
            Key_Encipherment
          ]
        },
        {
          ObjectId: 2.5.29.17 Criticality=false
          SubjectAlternativeName [
            DNSName: *.5sc6y6-3.usa-e2.cloudhub.io
            DNSName: *.internal-5sc6y6-3.usa-e2.cloudhub.io
          ]
        },
        {
          ObjectId: 2.5.29.14 Criticality=false
          SubjectKeyIdentifier [
          KeyIdentifier [
          0000: B6 8D 48 B4 3C 07 40 A2   20 4B DE 7B 6E A7 5D 4B  ..H.<.@. K..n.]K
          0010: 3D 19 55 5A                                        =.UZ
          ]
          ]
        }
      ]}
    "extensions": {
      <no extension>
    }
  },
  {
    "certificate" : {
      "version"            : "v3",
      "serial number"      : "00:c2:12:32:4b:70:a9:b4:91:71:dc:40:f7:e2:85:26:3c",
      "signature algorithm": "SHA256withRSA",
      "issuer"             : "CN=ISRG Root X1, O=Internet Security Research Group, C=US",
      "not before"         : "2024-03-13 24:00:00.000 GMT",
      "not  after"         : "2027-03-12 23:59:59.000 GMT",
      "subject"            : "CN=R12, O=Let's Encrypt, C=US",
      "subject public key" : "RSA",
      "extensions"         : [
        {
          ObjectId: 1.3.6.1.5.5.7.1.1 Criticality=false
          AuthorityInfoAccess [
            [
             accessMethod: caIssuers
             accessLocation: URIName: http://x1.i.lencr.org/
          ]
          ]
        },
        {
          ObjectId: 2.5.29.35 Criticality=false
          AuthorityKeyIdentifier [
          KeyIdentifier [
          0000: 79 B4 59 E6 7B B6 E5 E4   01 73 80 08 88 C8 1A 58  y.Y......s.....X
          0010: F6 E9 9B 6E                                        ...n
          ]
          ]
        },
        {
          ObjectId: 2.5.29.19 Criticality=true
          BasicConstraints:[
            CA:true
            PathLen:0
          ]
        },
        {
          ObjectId: 2.5.29.31 Criticality=false
          CRLDistributionPoints [
            [DistributionPoint:
               [URIName: http://x1.c.lencr.org/]
          ]]
        },
        {
          ObjectId: 2.5.29.32 Criticality=false
          CertificatePolicies [
            [CertificatePolicyId: [2.23.140.1.2.1]
          []  ]
          ]
        },
        {
          ObjectId: 2.5.29.37 Criticality=false
          ExtendedKeyUsages [
            clientAuth
            serverAuth
          ]
        },
        {
          ObjectId: 2.5.29.15 Criticality=true
          KeyUsage [
            DigitalSignature
            Key_CertSign
            Crl_Sign
          ]
        },
        {
          ObjectId: 2.5.29.14 Criticality=false
          SubjectKeyIdentifier [
          KeyIdentifier [
          0000: 00 B5 29 F2 2D 8E 6F 31   E8 9B 4C AD 78 3E FA DC  ..).-.o1..L.x>..
          0010: E9 0C D1 D2                                        ....
          ]
          ]
        }
      ]}
    "extensions": {
      <no extension>
    }
  },
]
}
)
2026-05-14T16:40:05.265Z WARN [qdhhj] [study-mule-tls-param].http.requester.HTTP_Request_config.02 SelectorRunner - javax.net.ssl|DEBUG|B3|[study-mule-tls-param].http.requester.HTTP_Request_config.02 SelectorRunner|2026-05-14 16:40:05.265 GMT|SSLExtensions.java:185|Ignore unavailable extension: status_request
2026-05-14T16:40:05.358Z WARN [qdhhj] [study-mule-tls-param].http.requester.HTTP_Request_config.02 SelectorRunner - javax.net.ssl|DEBUG|B3|[study-mule-tls-param].http.requester.HTTP_Request_config.02 SelectorRunner|2026-05-14 16:40:05.358 GMT|CertificateVerify.java:1166|Consuming CertificateVerify handshake message (
"CertificateVerify": {
  "signature algorithm": rsa_pss_rsae_sha256
  "signature": {
    0000: BF EB 57 09 55 3E 24 C4   30 D4 14 CA 41 E0 60 9B  ..W.U>$.0...A.`.
    0010: 7F 64 2D 0A D9 0E 46 30   2D AF CF 91 35 F9 06 0C  .d-...F0-...5...
    0020: 6A 2A 15 34 84 DE 20 5E   A1 D5 78 E8 77 AE A4 88  j*.4.. ^..x.w...
    0030: BD 1F A9 4B 8B 37 67 40   3A C3 58 B0 91 A0 08 6E  ...K.7g@:.X....n
    0040: 25 C5 F3 5C 9E EF 63 82   B4 03 92 28 DC 9D 4E F0  %..\..c....(..N.
    0050: 69 8E FE EC 8F 03 E5 0D   D9 3E 9E 59 69 FB 44 16  i........>.Yi.D.
    0060: 92 0C ED 04 F1 87 F0 21   46 AB 3A AB 54 0C 5A 7D  .......!F.:.T.Z.
    0070: 93 8E 14 90 47 DC 88 60   09 91 9F C3 2F 29 78 3C  ....G..`..../)x<
    0080: FC 1F 39 25 58 DF A2 12   DB E7 CB 49 F7 8B A8 68  ..9%X......I...h
    0090: 78 C4 1E CA 5A 4E 8F 4D   1D 52 2D 1F AF 1D BC BA  x...ZN.M.R-.....
    00A0: 6A CB E1 7B F9 05 CC 71   C7 8A 26 80 43 C1 BF BD  j......q..&.C...
    00B0: 63 E5 7F 5F 59 28 84 FE   FD A9 4E 87 7C 1C 18 3D  c.._Y(....N....=
    00C0: 7D 20 1A 3C 24 E3 C4 2B   02 8E AB 9C 94 0E 95 76  . .<$..+.......v
    00D0: A3 37 1C 40 EC 22 83 4F   27 3C 49 65 FF D3 DA 32  .7.@.".O'<Ie...2
    00E0: 52 12 A7 66 3B C4 53 40   78 E6 52 AB 09 C6 D1 04  R..f;.S@x.R.....
    00F0: 0F A9 C6 7C D8 EE 5F C0   28 C3 3C E8 4F 7C 8A BE  ......_.(.<.O...
  }
}
)
2026-05-14T16:40:05.359Z WARN [qdhhj] [study-mule-tls-param].http.requester.HTTP_Request_config.02 SelectorRunner - javax.net.ssl|DEBUG|B3|[study-mule-tls-param].http.requester.HTTP_Request_config.02 SelectorRunner|2026-05-14 16:40:05.359 GMT|Finished.java:917|Consuming server Finished handshake message (
"Finished": {
  "verify data": {
    0000: 1C AF 2D 68 D2 43 48 0C   8D C0 0A B8 7B 52 6A 35  ..-h.CH......Rj5
    0010: 69 31 55 FD 39 5C D5 BF   8D C5 AC 44 E3 C4 B2 A2  i1U.9\.....D....
    0020: 43 08 FD B5 4F F9 8A 4B   87 27 14 D0 59 5F B0 4D  C...O..K.'..Y_.M
  }'}
)
2026-05-14T16:40:05.36Z WARN [qdhhj] [study-mule-tls-param].http.requester.HTTP_Request_config.02 SelectorRunner - javax.net.ssl|DEBUG|B3|[study-mule-tls-param].http.requester.HTTP_Request_config.02 SelectorRunner|2026-05-14 16:40:05.360 GMT|SSLCipher.java:1870|KeyLimit read side: algorithm = AES/GCM/NOPADDING:KEYUPDATE
countdown value = 137438953472
2026-05-14T16:40:05.361Z WARN [qdhhj] [study-mule-tls-param].http.requester.HTTP_Request_config.02 SelectorRunner - javax.net.ssl|DEBUG|B3|[study-mule-tls-param].http.requester.HTTP_Request_config.02 SelectorRunner|2026-05-14 16:40:05.361 GMT|Finished.java:687|Produced client Finished handshake message (
"Finished": {
  "verify data": {
    0000: E6 0B BA 09 D8 4D 2A 79   92 F7 7B F4 68 06 32 4C  .....M*y....h.2L
    0010: 82 F7 F3 60 E6 56 1C 9C   1E 7E 93 D0 F7 2C 23 7E  ...`.V.......,#.
    0020: 36 0D AD F1 C4 1E 08 F2   93 E8 52 A4 23 20 DF 15  6.........R.# ..
  }'}
)
2026-05-14T16:40:05.361Z WARN [qdhhj] [study-mule-tls-param].http.requester.HTTP_Request_config.02 SelectorRunner - javax.net.ssl|DEBUG|B3|[study-mule-tls-param].http.requester.HTTP_Request_config.02 SelectorRunner|2026-05-14 16:40:05.361 GMT|SSLCipher.java:2024|KeyLimit write side: algorithm = AES/GCM/NOPADDING:KEYUPDATE
countdown value = 137438953472
2026-05-14T16:40:05.453Z INFO [qdhhj] begin event:0f32cf24-97fa-4039-8c53-3fe2f2c5c273 [MuleRuntime].uber.03: [study-mule-tls-param].mainFlow.CPU_LITE @5d196acf - {
  "msg": "flow begin",
  "attr": {
    "headers": {
      "x-anypnt-app-worker": "83BF58907F8212B32CE831A33AD28E06",
      "x-correlation-id": "0f32cf24-97fa-4039-8c53-3fe2f2c5c273",
      "user-agent": "AHC/1.0",
      "accept": "*/*",
      "via": "EDGE/1.1 MuleSoft",
      "x-forwarded-for": "3.134.142.43",
      "x-forwarded-host": "study-mule-tls-param-4nfndu.5sc6y6-3.usa-e2.cloudhub.io",
      "x-forwarded-proto": "https",
      "host": "study-mule-tls-param.8e0caa2a-0a29-423e-a4d1-f7435e6f799f.svc.cluster.local"
    },
    "clientCertificate": null,
    "method": "GET",
    "scheme": "http",
    "queryParams": {
      
    },
    "requestUri": "/",
    "queryString": "",
    "version": "HTTP/1.1",
    "maskedRequestPath": "/",
    "listenerPath": "/*",
    "localAddress": "/100.64.140.23:8081",
    "relativePath": "/",
    "uriParams": {
      
    },
    "rawRequestUri": "/",
    "rawRequestPath": "/",
    "remoteAddress": "/100.64.11.84:50282",
    "requestPath": "/"
  }
}
2026-05-14T16:40:05.458Z INFO [qdhhj] LoggerMessageProcessor event:0f32cf24-97fa-4039-8c53-3fe2f2c5c273 [MuleRuntime].uber.03: [study-mule-tls-param].mainFlow.CPU_LITE @5d196acf - {
  "msg": "skip"
}
2026-05-14T16:40:05.459Z INFO [qdhhj] end event:0f32cf24-97fa-4039-8c53-3fe2f2c5c273 [MuleRuntime].uber.03: [study-mule-tls-param].mainFlow.CPU_LITE @5d196acf - {
  "msg": "flow end"
}
2026-05-14T16:40:05.463Z INFO [qdhhj] end event:0f32cf24-97fa-4039-8c53-3fe2f2c5c273 [MuleRuntime].uber.03: [study-mule-tls-param].mainFlow.CPU_LITE @5d196acf - {
  "msg": "flow end"
}
